// Jest Snapshot v1, https://goo.gl/fbAQLP

exports[`Testar componente de App da aplicação 1`] = `
<div
  className="App"
>
  <header
    className="navbar navbar-dark navbar-fixed-top"
    role="banner"
  >
    <div
      className="container"
    >
      <div
        className="navbar-header"
      >
        <a
          href="#"
        >
          <span
            className="navbar-logo"
          >
            Spotify
          </span>
        </a>
      </div>
      <nav
        className="collapse navbar-collapse"
        id="navbar-nav"
        role="navigation"
      >
        <ul
          className="nav navbar-nav navbar-right nav-main"
        >
          <li
            className="hidden"
          >
            <a
              href="#"
              id="nav-link-Explore"
            >
              Explore
            </a>
          </li>
          <li>
            <a
              href="#"
              id="nav-link-premium"
            >
              Premium
            </a>
          </li>
          <li>
            <a
              href="#"
              id="nav-link-help"
            >
              Ajuda
            </a>
          </li>
          <li>
            <a
              href="#"
              id="nav-link-download"
            >
              Baixar
            </a>
          </li>
          <li
            className="divider"
            role="separator"
          />
          <li>
            <a
              href="#"
              id="nav-link-sign-up"
            >
              Inscrever-se
            </a>
          </li>
          <li>
            <button
              className="header-login-link"
              onClick={[Function]}
            >
              Entrar
            </button>
          </li>
        </ul>
      </nav>
    </div>
  </header>
  <div
    className="jumbotron jumbotron-devices background"
  >
    <div
      className="hero-home-bg-cover"
    />
    <div
      className="container simplified"
    >
      <div
        className="row center-text"
      >
        <h1>
          Música para todos.
        </h1>
        <h4>
          Milhões de músicas à sua escolha. E nem precisa de cartão de crédito.
        </h4>
        <a
          className="btn btn-green"
          href="#"
        >
          OBTENHA O SPOTIFY FREE
        </a>
      </div>
    </div>
  </div>
  <div
    className="jumbotron jumbotron-devices"
  >
    <div
      className="container"
    >
      <div
        className="row"
      />
    </div>
  </div>
  <footer
    className="footer footer-highlight-aquamarine"
    role="contentinfo"
  >
    <div
      className="container"
    >
      <nav
        className="row"
      >
        <div
          className="col-xs-12 col-md-2"
        >
          <div
            className="footer-logo"
          >
            <a
              href="#"
            >
              Spotify
            </a>
          </div>
        </div>
        <div
          className="col-xs-6 col-sm-4 col-md-2"
        >
          <h3
            className="nav-title"
          >
            EMPRESA
          </h3>
          <ul
            className="nav"
          >
            <li>
              <a
                href="#"
                id="nav-link-about"
              >
                Sobre
              </a>
            </li>
            <li>
              <a
                href="#"
                id="nav-link-jobs"
              >
                Empregos
              </a>
            </li>
            <li>
              <a
                href="#"
                id="nav-link-press"
              >
                For the Record
              </a>
            </li>
          </ul>
        </div>
        <div
          className="col-xs-6 col-sm-4 col-md-2"
        >
          <h3
            className="nav-title"
          >
            COMUNIDADES
          </h3>
          <ul
            className="nav"
          >
            <li>
              <a
                href="#"
                id="nav-link-artists"
              >
                Para Artistas
              </a>
            </li>
            <li>
              <a
                href="#"
                id="nav-link-developers"
              >
                Desenvolvedores
              </a>
            </li>
            <li>
              <a
                href="#"
                id="nav-link-brands"
              >
                Marcas
              </a>
            </li>
            <li>
              <a
                href="#"
                id="nav-link-brands"
              >
                Investidores
              </a>
            </li>
            <li>
              <a
                href="#"
                id="nav-link-brands"
              >
                Fornecedores
              </a>
            </li>
          </ul>
        </div>
        <div
          className="col-xs-6 col-sm-4 col-md-2"
        >
          <h3
            className="nav-title"
          >
            LINKS ÚTEIS
          </h3>
          <ul
            className="nav"
          >
            <li>
              <a
                href="#"
                id="nav-link-help"
              >
                Ajuda
              </a>
            </li>
            <li>
              <a
                href="#"
                id="nav-link-gift"
              >
                Gift
              </a>
            </li>
            <li
              className="hidden-xs "
            >
              <a
                href="#"
                id="nav-link-play"
              >
                Player da Web
              </a>
            </li>
          </ul>
        </div>
        <div
          className="col-xs-12 col-md-4 col-social"
        >
          <ul
            className="nav"
          >
            <li>
              <a
                href="#"
              >
                <img
                  alt="instagram"
                  src={[Function]}
                />
              </a>
            </li>
            <li>
              <a
                href="#"
              >
                <img
                  alt="twitter"
                  src={[Function]}
                />
              </a>
            </li>
            <li>
              <a
                href="#"
              >
                <img
                  alt="facebook"
                  src={[Function]}
                />
              </a>
            </li>
          </ul>
        </div>
      </nav>
      <nav
        className="row row-small"
      >
        <div
          className="col-xs-8 col-md-6"
        >
          <ul
            className="nav nav-small"
          >
            <li>
              <a
                href="#"
              >
                Legal
              </a>
            </li>
            <li>
              <a
                href="#"
              >
                Centro de Privacidade
              </a>
            </li>
            <li>
              <a
                href="#"
              >
                Política de Privacidade
              </a>
            </li>
            <li>
              <a
                href="#"
              >
                Cookies
              </a>
            </li>
            <li>
              <a
                href="#"
              >
                Sobre os anúncios
              </a>
            </li>
          </ul>
        </div>
        <div
          className="col-xs-4 col-md-6 text-right"
        >
          <a
            className="market"
            href="#"
            title="Click to change"
          >
            <div
              className="media"
            >
              <div
                className="media-body media-middle"
              >
                Brasil
              </div>
              <div
                className="media-right media-middle"
              >
                <span
                  className="media-object flag-icon flag-icon-br"
                />
              </div>
            </div>
          </a>
          <small
            className="copyright"
          >
            © 2019 Spotify AB
          </small>
        </div>
      </nav>
    </div>
  </footer>
</div>
`;
